// Jest Snapshot v1, https://goo.gl/fbAQLP

exports[`Grid renders correctly 1`] = `
<DocumentFragment>
  <div
    class="css-f15krj"
  >
    <div
      class="css-1gvp5h0"
    >
      <button
        class="chakra-button css-mt4qtn"
        type="button"
      />
    </div>
    <div
      class="css-1gvp5h0"
    >
      <button
        class="chakra-button css-mt4qtn"
        type="button"
      />
    </div>
    <div
      class="css-1gvp5h0"
    >
      <button
        class="chakra-button css-mt4qtn"
        type="button"
      />
    </div>
    <div
      class="css-1gvp5h0"
    >
      <button
        class="chakra-button css-mt4qtn"
        type="button"
      />
    </div>
    <div
      class="css-1gvp5h0"
    >
      <button
        class="chakra-button css-mt4qtn"
        type="button"
      />
    </div>
    <div
      class="css-1gvp5h0"
    >
      <button
        class="chakra-button css-mt4qtn"
        type="button"
      />
    </div>
    <div
      class="css-1gvp5h0"
    >
      <button
        class="chakra-button css-mt4qtn"
        type="button"
      />
    </div>
    <div
      class="css-1gvp5h0"
    >
      <button
        class="chakra-button css-mt4qtn"
        type="button"
      />
    </div>
    <div
      class="css-1gvp5h0"
    >
      <button
        class="chakra-button css-mt4qtn"
        type="button"
      />
    </div>
    <div
      class="css-1gvp5h0"
    >
      <button
        class="chakra-button css-mt4qtn"
        type="button"
      />
    </div>
    <div
      class="css-1gvp5h0"
    >
      <button
        class="chakra-button css-mt4qtn"
        type="button"
      />
    </div>
    <div
      class="css-1gvp5h0"
    >
      <button
        class="chakra-button css-mt4qtn"
        type="button"
      />
    </div>
    <div
      class="css-1gvp5h0"
    >
      <button
        class="chakra-button css-mt4qtn"
        type="button"
      />
    </div>
    <div
      class="css-1gvp5h0"
    >
      <button
        class="chakra-button css-mt4qtn"
        type="button"
      />
    </div>
    <div
      class="css-1gvp5h0"
    >
      <button
        class="chakra-button css-mt4qtn"
        type="button"
      />
    </div>
    <div
      class="css-1gvp5h0"
    >
      <button
        class="chakra-button css-mt4qtn"
        type="button"
      />
    </div>
    <div
      class="css-1gvp5h0"
    >
      <button
        class="chakra-button css-mt4qtn"
        type="button"
      />
    </div>
    <div
      class="css-1gvp5h0"
    >
      <button
        class="chakra-button css-mt4qtn"
        type="button"
      />
    </div>
    <div
      class="css-1gvp5h0"
    >
      <button
        class="chakra-button css-mt4qtn"
        type="button"
      />
    </div>
    <div
      class="css-1gvp5h0"
    >
      <button
        class="chakra-button css-mt4qtn"
        type="button"
      />
    </div>
    <div
      class="css-1gvp5h0"
    >
      <button
        class="chakra-button css-mt4qtn"
        type="button"
      />
    </div>
    <div
      class="css-1gvp5h0"
    >
      <button
        class="chakra-button css-mt4qtn"
        type="button"
      />
    </div>
    <div
      class="css-1gvp5h0"
    >
      <button
        class="chakra-button css-mt4qtn"
        type="button"
      />
    </div>
    <div
      class="css-1gvp5h0"
    >
      <button
        class="chakra-button css-mt4qtn"
        type="button"
      />
    </div>
    <div
      class="css-1gvp5h0"
    >
      <button
        class="chakra-button css-mt4qtn"
        type="button"
      />
    </div>
    <div
      class="css-1gvp5h0"
    >
      <button
        class="chakra-button css-mt4qtn"
        type="button"
      />
    </div>
    <div
      class="css-1gvp5h0"
    >
      <button
        class="chakra-button css-mt4qtn"
        type="button"
      />
    </div>
    <div
      class="css-1gvp5h0"
    >
      <button
        class="chakra-button css-mt4qtn"
        type="button"
      />
    </div>
    <div
      class="css-1gvp5h0"
    >
      <button
        class="chakra-button css-mt4qtn"
        type="button"
      />
    </div>
    <div
      class="css-1gvp5h0"
    >
      <button
        class="chakra-button css-mt4qtn"
        type="button"
      />
    </div>
    <div
      class="css-1gvp5h0"
    >
      <button
        class="chakra-button css-mt4qtn"
        type="button"
      />
    </div>
    <div
      class="css-1gvp5h0"
    >
      <button
        class="chakra-button css-mt4qtn"
        type="button"
      />
    </div>
    <div
      class="css-1gvp5h0"
    >
      <button
        class="chakra-button css-mt4qtn"
        type="button"
      />
    </div>
    <div
      class="css-1gvp5h0"
    >
      <button
        class="chakra-button css-mt4qtn"
        type="button"
      />
    </div>
    <div
      class="css-1gvp5h0"
    >
      <button
        class="chakra-button css-mt4qtn"
        type="button"
      />
    </div>
    <div
      class="css-1gvp5h0"
    >
      <button
        class="chakra-button css-mt4qtn"
        type="button"
      />
    </div>
    <div
      class="css-1gvp5h0"
    >
      <button
        class="chakra-button css-mt4qtn"
        type="button"
      />
    </div>
    <div
      class="css-1gvp5h0"
    >
      <button
        class="chakra-button css-mt4qtn"
        type="button"
      />
    </div>
    <div
      class="css-1gvp5h0"
    >
      <button
        class="chakra-button css-mt4qtn"
        type="button"
      />
    </div>
    <div
      class="css-1gvp5h0"
    >
      <button
        class="chakra-button css-mt4qtn"
        type="button"
      />
    </div>
    <div
      class="css-1gvp5h0"
    >
      <button
        class="chakra-button css-mt4qtn"
        type="button"
      />
    </div>
    <div
      class="css-1gvp5h0"
    >
      <button
        class="chakra-button css-mt4qtn"
        type="button"
      />
    </div>
    <div
      class="css-1gvp5h0"
    >
      <button
        class="chakra-button css-mt4qtn"
        type="button"
      />
    </div>
    <div
      class="css-1gvp5h0"
    >
      <button
        class="chakra-button css-mt4qtn"
        type="button"
      />
    </div>
    <div
      class="css-1gvp5h0"
    >
      <button
        class="chakra-button css-mt4qtn"
        type="button"
      />
    </div>
    <div
      class="css-1gvp5h0"
    >
      <button
        class="chakra-button css-mt4qtn"
        type="button"
      />
    </div>
    <div
      class="css-1gvp5h0"
    >
      <button
        class="chakra-button css-mt4qtn"
        type="button"
      />
    </div>
    <div
      class="css-1gvp5h0"
    >
      <button
        class="chakra-button css-mt4qtn"
        type="button"
      />
    </div>
    <div
      class="css-1gvp5h0"
    >
      <button
        class="chakra-button css-mt4qtn"
        type="button"
      />
    </div>
    <div
      class="css-1gvp5h0"
    >
      <button
        class="chakra-button css-mt4qtn"
        type="button"
      />
    </div>
    <div
      class="css-1gvp5h0"
    >
      <button
        class="chakra-button css-mt4qtn"
        type="button"
      />
    </div>
    <div
      class="css-1gvp5h0"
    >
      <button
        class="chakra-button css-mt4qtn"
        type="button"
      />
    </div>
    <div
      class="css-1gvp5h0"
    >
      <button
        class="chakra-button css-mt4qtn"
        type="button"
      />
    </div>
    <div
      class="css-1gvp5h0"
    >
      <button
        class="chakra-button css-mt4qtn"
        type="button"
      />
    </div>
    <div
      class="css-1gvp5h0"
    >
      <button
        class="chakra-button css-mt4qtn"
        type="button"
      />
    </div>
    <div
      class="css-1gvp5h0"
    >
      <button
        class="chakra-button css-mt4qtn"
        type="button"
      />
    </div>
    <div
      class="css-1gvp5h0"
    >
      <button
        class="chakra-button css-mt4qtn"
        type="button"
      />
    </div>
    <div
      class="css-1gvp5h0"
    >
      <button
        class="chakra-button css-mt4qtn"
        type="button"
      />
    </div>
    <div
      class="css-1gvp5h0"
    >
      <button
        class="chakra-button css-mt4qtn"
        type="button"
      />
    </div>
    <div
      class="css-1gvp5h0"
    >
      <button
        class="chakra-button css-mt4qtn"
        type="button"
      />
    </div>
    <div
      class="css-1gvp5h0"
    >
      <button
        class="chakra-button css-mt4qtn"
        type="button"
      />
    </div>
    <div
      class="css-1gvp5h0"
    >
      <button
        class="chakra-button css-mt4qtn"
        type="button"
      />
    </div>
    <div
      class="css-1gvp5h0"
    >
      <button
        class="chakra-button css-mt4qtn"
        type="button"
      />
    </div>
    <div
      class="css-1gvp5h0"
    >
      <button
        class="chakra-button css-mt4qtn"
        type="button"
      />
    </div>
    <div
      class="css-1gvp5h0"
    >
      <button
        class="chakra-button css-mt4qtn"
        type="button"
      />
    </div>
    <div
      class="css-1gvp5h0"
    >
      <button
        class="chakra-button css-mt4qtn"
        type="button"
      />
    </div>
    <div
      class="css-1gvp5h0"
    >
      <button
        class="chakra-button css-mt4qtn"
        type="button"
      />
    </div>
    <div
      class="css-1gvp5h0"
    >
      <button
        class="chakra-button css-mt4qtn"
        type="button"
      />
    </div>
    <div
      class="css-1gvp5h0"
    >
      <button
        class="chakra-button css-mt4qtn"
        type="button"
      />
    </div>
    <div
      class="css-1gvp5h0"
    >
      <button
        class="chakra-button css-mt4qtn"
        type="button"
      />
    </div>
    <div
      class="css-1gvp5h0"
    >
      <button
        class="chakra-button css-mt4qtn"
        type="button"
      />
    </div>
    <div
      class="css-1gvp5h0"
    >
      <button
        class="chakra-button css-mt4qtn"
        type="button"
      />
    </div>
    <div
      class="css-1gvp5h0"
    >
      <button
        class="chakra-button css-mt4qtn"
        type="button"
      />
    </div>
    <div
      class="css-1gvp5h0"
    >
      <button
        class="chakra-button css-mt4qtn"
        type="button"
      />
    </div>
    <div
      class="css-1gvp5h0"
    >
      <button
        class="chakra-button css-mt4qtn"
        type="button"
      />
    </div>
    <div
      class="css-1gvp5h0"
    >
      <button
        class="chakra-button css-mt4qtn"
        type="button"
      />
    </div>
    <div
      class="css-1gvp5h0"
    >
      <button
        class="chakra-button css-mt4qtn"
        type="button"
      />
    </div>
    <div
      class="css-1gvp5h0"
    >
      <button
        class="chakra-button css-mt4qtn"
        type="button"
      />
    </div>
    <div
      class="css-1gvp5h0"
    >
      <button
        class="chakra-button css-mt4qtn"
        type="button"
      />
    </div>
    <div
      class="css-1gvp5h0"
    >
      <button
        class="chakra-button css-mt4qtn"
        type="button"
      />
    </div>
    <div
      class="css-1gvp5h0"
    >
      <button
        class="chakra-button css-mt4qtn"
        type="button"
      />
    </div>
    <div
      class="css-1gvp5h0"
    >
      <button
        class="chakra-button css-mt4qtn"
        type="button"
      />
    </div>
    <div
      class="css-1gvp5h0"
    >
      <button
        class="chakra-button css-mt4qtn"
        type="button"
      />
    </div>
    <div
      class="css-1gvp5h0"
    >
      <button
        class="chakra-button css-mt4qtn"
        type="button"
      />
    </div>
    <div
      class="css-1gvp5h0"
    >
      <button
        class="chakra-button css-mt4qtn"
        type="button"
      />
    </div>
    <div
      class="css-1gvp5h0"
    >
      <button
        class="chakra-button css-mt4qtn"
        type="button"
      />
    </div>
    <div
      class="css-1gvp5h0"
    >
      <button
        class="chakra-button css-mt4qtn"
        type="button"
      />
    </div>
    <div
      class="css-1gvp5h0"
    >
      <button
        class="chakra-button css-mt4qtn"
        type="button"
      />
    </div>
    <div
      class="css-1gvp5h0"
    >
      <button
        class="chakra-button css-mt4qtn"
        type="button"
      />
    </div>
    <div
      class="css-1gvp5h0"
    >
      <button
        class="chakra-button css-mt4qtn"
        type="button"
      />
    </div>
    <div
      class="css-1gvp5h0"
    >
      <button
        class="chakra-button css-mt4qtn"
        type="button"
      />
    </div>
    <div
      class="css-1gvp5h0"
    >
      <button
        class="chakra-button css-mt4qtn"
        type="button"
      />
    </div>
    <div
      class="css-1gvp5h0"
    >
      <button
        class="chakra-button css-mt4qtn"
        type="button"
      />
    </div>
    <div
      class="css-1gvp5h0"
    >
      <button
        class="chakra-button css-mt4qtn"
        type="button"
      />
    </div>
    <div
      class="css-1gvp5h0"
    >
      <button
        class="chakra-button css-mt4qtn"
        type="button"
      />
    </div>
    <div
      class="css-1gvp5h0"
    >
      <button
        class="chakra-button css-mt4qtn"
        type="button"
      />
    </div>
    <div
      class="css-1gvp5h0"
    >
      <button
        class="chakra-button css-mt4qtn"
        type="button"
      />
    </div>
    <div
      class="css-1gvp5h0"
    >
      <button
        class="chakra-button css-mt4qtn"
        type="button"
      />
    </div>
    <div
      class="css-1gvp5h0"
    >
      <button
        class="chakra-button css-mt4qtn"
        type="button"
      />
    </div>
    <div
      class="css-1gvp5h0"
    >
      <button
        class="chakra-button css-mt4qtn"
        type="button"
      />
    </div>
    <div
      class="css-1gvp5h0"
    >
      <button
        class="chakra-button css-mt4qtn"
        type="button"
      />
    </div>
    <div
      class="css-1gvp5h0"
    >
      <button
        class="chakra-button css-mt4qtn"
        type="button"
      />
    </div>
    <div
      class="css-1gvp5h0"
    >
      <button
        class="chakra-button css-mt4qtn"
        type="button"
      />
    </div>
    <div
      class="css-1gvp5h0"
    >
      <button
        class="chakra-button css-mt4qtn"
        type="button"
      />
    </div>
    <div
      class="css-1gvp5h0"
    >
      <button
        class="chakra-button css-mt4qtn"
        type="button"
      />
    </div>
    <div
      class="css-1gvp5h0"
    >
      <button
        class="chakra-button css-mt4qtn"
        type="button"
      />
    </div>
    <div
      class="css-1gvp5h0"
    >
      <button
        class="chakra-button css-mt4qtn"
        type="button"
      />
    </div>
    <div
      class="css-1gvp5h0"
    >
      <button
        class="chakra-button css-mt4qtn"
        type="button"
      />
    </div>
    <div
      class="css-1gvp5h0"
    >
      <button
        class="chakra-button css-mt4qtn"
        type="button"
      />
    </div>
    <div
      class="css-1gvp5h0"
    >
      <button
        class="chakra-button css-mt4qtn"
        type="button"
      />
    </div>
    <div
      class="css-1gvp5h0"
    >
      <button
        class="chakra-button css-mt4qtn"
        type="button"
      />
    </div>
    <div
      class="css-1gvp5h0"
    >
      <button
        class="chakra-button css-mt4qtn"
        type="button"
      />
    </div>
    <div
      class="css-1gvp5h0"
    >
      <button
        class="chakra-button css-mt4qtn"
        type="button"
      />
    </div>
    <div
      class="css-1gvp5h0"
    >
      <button
        class="chakra-button css-mt4qtn"
        type="button"
      />
    </div>
    <div
      class="css-1gvp5h0"
    >
      <button
        class="chakra-button css-mt4qtn"
        type="button"
      />
    </div>
    <div
      class="css-1gvp5h0"
    >
      <button
        class="chakra-button css-mt4qtn"
        type="button"
      />
    </div>
    <div
      class="css-1gvp5h0"
    >
      <button
        class="chakra-button css-mt4qtn"
        type="button"
      />
    </div>
    <div
      class="css-1gvp5h0"
    >
      <button
        class="chakra-button css-mt4qtn"
        type="button"
      />
    </div>
    <div
      class="css-1gvp5h0"
    >
      <button
        class="chakra-button css-mt4qtn"
        type="button"
      />
    </div>
    <div
      class="css-1gvp5h0"
    >
      <button
        class="chakra-button css-mt4qtn"
        type="button"
      />
    </div>
    <div
      class="css-1gvp5h0"
    >
      <button
        class="chakra-button css-mt4qtn"
        type="button"
      />
    </div>
    <div
      class="css-1gvp5h0"
    >
      <button
        class="chakra-button css-mt4qtn"
        type="button"
      />
    </div>
    <div
      class="css-1gvp5h0"
    >
      <button
        class="chakra-button css-mt4qtn"
        type="button"
      />
    </div>
    <div
      class="css-1gvp5h0"
    >
      <button
        class="chakra-button css-mt4qtn"
        type="button"
      />
    </div>
    <div
      class="css-1gvp5h0"
    >
      <button
        class="chakra-button css-mt4qtn"
        type="button"
      />
    </div>
    <div
      class="css-1gvp5h0"
    >
      <button
        class="chakra-button css-mt4qtn"
        type="button"
      />
    </div>
    <div
      class="css-1gvp5h0"
    >
      <button
        class="chakra-button css-mt4qtn"
        type="button"
      />
    </div>
    <div
      class="css-1gvp5h0"
    >
      <button
        class="chakra-button css-mt4qtn"
        type="button"
      />
    </div>
    <div
      class="css-1gvp5h0"
    >
      <button
        class="chakra-button css-mt4qtn"
        type="button"
      />
    </div>
    <div
      class="css-1gvp5h0"
    >
      <button
        class="chakra-button css-mt4qtn"
        type="button"
      />
    </div>
    <div
      class="css-1gvp5h0"
    >
      <button
        class="chakra-button css-mt4qtn"
        type="button"
      />
    </div>
    <div
      class="css-1gvp5h0"
    >
      <button
        class="chakra-button css-mt4qtn"
        type="button"
      />
    </div>
    <div
      class="css-1gvp5h0"
    >
      <button
        class="chakra-button css-mt4qtn"
        type="button"
      />
    </div>
    <div
      class="css-1gvp5h0"
    >
      <button
        class="chakra-button css-mt4qtn"
        type="button"
      />
    </div>
    <div
      class="css-1gvp5h0"
    >
      <button
        class="chakra-button css-mt4qtn"
        type="button"
      />
    </div>
    <div
      class="css-1gvp5h0"
    >
      <button
        class="chakra-button css-mt4qtn"
        type="button"
      />
    </div>
    <div
      class="css-1gvp5h0"
    >
      <button
        class="chakra-button css-mt4qtn"
        type="button"
      />
    </div>
    <div
      class="css-1gvp5h0"
    >
      <button
        class="chakra-button css-mt4qtn"
        type="button"
      />
    </div>
    <div
      class="css-1gvp5h0"
    >
      <button
        class="chakra-button css-mt4qtn"
        type="button"
      />
    </div>
    <div
      class="css-1gvp5h0"
    >
      <button
        class="chakra-button css-mt4qtn"
        type="button"
      />
    </div>
    <div
      class="css-1gvp5h0"
    >
      <button
        class="chakra-button css-mt4qtn"
        type="button"
      />
    </div>
    <div
      class="css-1gvp5h0"
    >
      <button
        class="chakra-button css-mt4qtn"
        type="button"
      />
    </div>
    <div
      class="css-1gvp5h0"
    >
      <button
        class="chakra-button css-mt4qtn"
        type="button"
      />
    </div>
    <div
      class="css-1gvp5h0"
    >
      <button
        class="chakra-button css-mt4qtn"
        type="button"
      />
    </div>
  </div>
</DocumentFragment>
`;
